[segredodoanopv.fun/tik-tok-company/indexf9a6.html]
[backblue.gif]
[fade.gif]
[index.html]
[segredodoanopv.fun/tik-tok-company/index.html]
[scripts.converteai.net/0286f1f4-3335-446d-9fa8-2a680af1c4cc/players/634b2dc17783ee000ab0b4c5/player.js]
[cdn.converteai.net/lib/js/smartplayer/v1/smartplayer.min.js]
[images.converteai.net/0286f1f4-3335-446d-9fa8-2a680af1c4cc/players/634b2dc17783ee000ab0b4c5/thumbnail.jpg]
[scripts.converteai.net/0286f1f4-3335-446d-9fa8-2a680af1c4cc/players/634b31a514bd55000927dfb2/player.js]
[images.converteai.net/0286f1f4-3335-446d-9fa8-2a680af1c4cc/players/634b31a514bd55000927dfb2/thumbnail.jpg]
[scripts.converteai.net/0286f1f4-3335-446d-9fa8-2a680af1c4cc/players/634b2d1feb60c20009d87243/player.js]
[images.converteai.net/0286f1f4-3335-446d-9fa8-2a680af1c4cc/players/634b2d1feb60c20009d87243/thumbnail.jpg]
[segredodoanopv.fun/wp-content/uploads/2022/09/cropped-fav-icon-32x32.jpg]
[segredodoanopv.fun/wp-content/uploads/2022/09/cropped-fav-icon-192x192.jpg]
[segredodoanopv.fun/wp-content/uploads/2022/09/cropped-fav-icon-180x180.jpg]
[segredodoanopv.fun/tik-tok-company/indexf9a6.html]
[segredodoanopv.fun/wp-content/litespeed/css/a8ce926fab7437c88bbc097dd6dfbb919ccb.css]
[segredodoanopv.fun/tik-tok-company/index.html]
[www.googletagmanager.com/gtm5445.html]
